2026-10-02 19:04:59 [restartedMain] INFO  c.s.F.FakeCommerceApplication - Starting FakeCommerceApplication using Java 21.0.4 with PID 31420 (C:\Users\saisu\OneDrive\Desktop\2026-SST-LEARN\FakeCommerce\bin\main started by saisu in C:\Users\saisu\OneDrive\Desktop\2026-SST-LEARN\FakeCommerce)
2026-10-02 19:04:59 [restartedMain] INFO  c.s.F.FakeCommerceApplication - No active profile set, falling back to 1 default profile: "default"
2026-10-02 19:04:59 [restartedMain] INFO  o.s.b.d.e.DevToolsPropertyDefaultsPostProcessor - Devtools property defaults active! Set 'spring.devtools.add-properties' to 'false' to disable
2026-10-02 19:04:59 [restartedMain] INFO  o.s.b.d.e.DevToolsPropertyDefaultsPostProcessor - For additional web related logging consider setting the 'logging.level.web' property to 'DEBUG'
2026-10-02 19:05:01 [restartedMain] INFO  o.s.d.r.c.RepositoryConfigurationDelegate - Bootstrapping Spring Data JPA repositories in DEFAULT mode.
2026-10-02 19:05:01 [restartedMain] INFO  o.s.d.r.c.RepositoryConfigurationDelegate - Finished Spring Data repository scanning in 158 ms. Found 5 JPA repository interfaces.
2026-10-02 19:05:02 [restartedMain] INFO  o.s.boot.tomcat.TomcatWebServer - Tomcat initialized with port 8080 (http)
2026-10-02 19:05:02 [restartedMain] INFO  o.a.coyote.http11.Http11NioProtocol - Initializing ProtocolHandler ["http-nio-8080"]
2026-10-02 19:05:02 [restartedMain] INFO  o.a.catalina.core.StandardService - Starting service [Tomcat]
2026-10-02 19:05:02 [restartedMain] INFO  o.a.catalina.core.StandardEngine - Starting Servlet engine: [Apache Tomcat/11.0.24]
2026-10-02 19:05:02 [restartedMain] INFO  o.s.b.w.c.s.WebApplicationContextInitializer - Root WebApplicationContext: initialization completed in 3311 ms
2026-10-02 19:05:03 [restartedMain] INFO  com.zaxxer.hikari.HikariDataSource - HikariPool-1 - Starting...
2026-10-02 19:05:04 [restartedMain] INFO  com.zaxxer.hikari.pool.HikariPool - HikariPool-1 - Added connection org.postgresql.jdbc.PgConnection@29ed426e
2026-10-02 19:05:04 [restartedMain] INFO  com.zaxxer.hikari.HikariDataSource - HikariPool-1 - Start completed.
2026-10-02 19:05:04 [restartedMain] INFO  org.flywaydb.core.FlywayExecutor - Database: jdbc:postgresql://localhost:5432/fakecommerce (PostgreSQL 16.4)
2026-10-02 19:05:04 [restartedMain] INFO  o.f.core.internal.command.DbValidate - Successfully validated 3 migrations (execution time 00:00.074s)
2026-10-02 19:05:04 [restartedMain] INFO  o.f.core.internal.command.DbMigrate - Current version of schema "public": 3
2026-10-02 19:05:04 [restartedMain] INFO  o.f.core.internal.command.DbMigrate - Schema "public" is up to date. No migration necessary.
2026-10-02 19:05:04 [restartedMain] INFO  org.hibernate.orm.jpa - HHH008540: Processing PersistenceUnitInfo [name: default]
2026-10-02 19:05:04 [restartedMain] INFO  org.hibernate.orm.core - HHH000001: Hibernate ORM core version 7.4.5.Final
2026-10-02 19:05:05 [restartedMain] INFO  o.s.o.j.p.SpringPersistenceUnitInfo - No LoadTimeWeaver setup: ignoring JPA class transformer
2026-10-02 19:05:06 [restartedMain] WARN  org.hibernate.orm.deprecation - HHH90000025: PostgreSQLDialect does not need to be specified explicitly using 'hibernate.dialect' (remove the property setting and it will be selected by default)
2026-10-02 19:05:06 [restartedMain] INFO  o.hibernate.orm.connections.pooling - HHH10001005: Database info:
	Database JDBC URL [jdbc:postgresql://localhost:5432/fakecommerce]
	Database driver: PostgreSQL JDBC Driver
	Database dialect: PostgreSQLDialect
	Database version: 16.4
	Default catalog/schema: fakecommerce/public
	Autocommit mode: undefined/unknown
	Isolation level: READ_COMMITTED [default READ_COMMITTED]
	JDBC fetch size: none
	Pool: DataSourceConnectionProvider
	Minimum pool size: undefined/unknown
	Maximum pool size: undefined/unknown
2026-10-02 19:05:07 [restartedMain] INFO  org.hibernate.orm.core - HHH000489: No JTA platform available (set 'hibernate.transaction.jta.platform' to enable JTA platform integration)
2026-10-02 19:05:08 [restartedMain] INFO  o.s.o.j.LocalContainerEntityManagerFactoryBean - Initialized JPA EntityManagerFactory for persistence unit 'default'
2026-10-02 19:05:08 [restartedMain] INFO  o.s.d.j.r.q.QueryEnhancerFactories - Hibernate is in classpath; If applicable, HQL parser will be used.
2026-10-02 19:05:10 [restartedMain] WARN  o.s.b.j.a.JpaBaseConfiguration$JpaWebConfiguration - spring.jpa.open-in-view is enabled by default. Therefore, database queries may be performed during view rendering. Explicitly configure spring.jpa.open-in-view to disable this warning
2026-10-02 19:05:11 [restartedMain] INFO  o.a.coyote.http11.Http11NioProtocol - Starting ProtocolHandler ["http-nio-8080"]
2026-10-02 19:05:11 [restartedMain] INFO  o.s.boot.tomcat.TomcatWebServer - Tomcat started on port 8080 (http) with context path '/'
2026-10-02 19:05:11 [restartedMain] INFO  c.s.F.FakeCommerceApplication - Started FakeCommerceApplication in 12.822 seconds (process running for 13.693)
2026-10-02 19:05:14 [http-nio-8080-exec-2] INFO  o.a.c.c.C.[Tomcat].[localhost].[/] - Initializing Spring DispatcherServlet 'dispatcherServlet'
2026-10-02 19:05:14 [http-nio-8080-exec-2] INFO  o.s.web.servlet.DispatcherServlet - Initializing Servlet 'dispatcherServlet'
2026-10-02 19:05:14 [http-nio-8080-exec-2] INFO  o.s.web.servlet.DispatcherServlet - Completed initialization in 4 ms
2026-10-02 19:05:15 [http-nio-8080-exec-2] INFO  c.s.F.services.CategoryService - getAllCategories called
2026-10-02 19:05:17 [http-nio-8080-exec-4] INFO  c.s.F.services.CategoryService - getCategoriesById called with id 2
2026-10-02 19:05:20 [http-nio-8080-exec-3] INFO  c.s.F.services.ProductService - getAllProducts called
2026-10-02 19:05:24 [http-nio-8080-exec-6] INFO  c.s.F.services.ProductService - getProductById called with 1
2026-10-02 19:05:24 [http-nio-8080-exec-6] WARN  o.s.w.s.m.m.a.ExceptionHandlerExceptionResolver - Resolved [java.lang.RuntimeException: Product not found]
2026-10-02 19:05:27 [http-nio-8080-exec-7] INFO  c.s.F.services.ProductService - Get Product with details called with1
2026-10-02 19:05:27 [http-nio-8080-exec-7] WARN  o.s.w.s.m.m.a.ExceptionHandlerExceptionResolver - Resolved [java.lang.IndexOutOfBoundsException: Index 0 out of bounds for length 0]
2026-10-02 19:05:31 [http-nio-8080-exec-9] INFO  c.s.F.services.ProductService - Create Product by category called with Electronics
2026-10-02 19:05:36 [http-nio-8080-exec-10] INFO  c.s.F.services.OrderService - getAllOrders called
2026-10-02 19:05:41 [http-nio-8080-exec-1] INFO  c.s.F.services.OrderService - get Order by ID called  with 2
2026-10-02 19:05:41 [http-nio-8080-exec-1] WARN  o.s.w.s.m.m.a.ExceptionHandlerExceptionResolver - Resolved [com.sst.FakeCommerce.exceptions.ResourceNotFoundException: Order with ID 2 not found]
2026-10-02 19:05:45 [http-nio-8080-exec-2] INFO  c.s.F.services.OrderService - get Order Summary by ID called  with 4
2026-10-02 19:05:53 [http-nio-8080-exec-4] INFO  c.s.F.services.ReviewService - Get ALl Reviews called
2026-10-02 19:05:56 [http-nio-8080-exec-3] INFO  c.s.F.services.ReviewService - Get Review By ID 1 called
2026-10-02 19:05:56 [http-nio-8080-exec-3] WARN  o.s.w.s.m.m.a.ExceptionHandlerExceptionResolver - Resolved [com.sst.FakeCommerce.exceptions.ResourceNotFoundException: Review not found with ID: 1]
2026-10-02 19:05:59 [http-nio-8080-exec-6] INFO  c.s.F.services.ReviewService - Get Reviews By product ID 1 called
2026-10-02 19:06:02 [http-nio-8080-exec-5] INFO  c.s.F.services.ReviewService - Get Reviews By order ID 4 called
